[INFO] Scanning for projects...
[INFO] 
[INFO] ---------------------< com.fleet:dispatch-system >----------------------
[INFO] Building fleet-dispatch-system 0.0.1-SNAPSHOT
[INFO]   from pom.xml
[INFO] --------------------------------[ jar ]---------------------------------
[INFO] 
[INFO] --- clean:3.3.2:clean (default-clean) @ dispatch-system ---
[INFO] Deleting C:\code\fleet-dispatch-system\target
[INFO] 
[INFO] --- resources:3.3.1:resources (default-resources) @ dispatch-system ---
[INFO] Copying 1 resource from src\main\resources to target\classes
[INFO] Copying 0 resource from src\main\resources to target\classes
[INFO] 
[INFO] --- compiler:3.11.0:compile (default-compile) @ dispatch-system ---
[INFO] Changes detected - recompiling the module! :source
[INFO] Compiling 30 source files with javac [debug release 21] to target\classes
[INFO] Annotation processing is enabled because one or more processors were found
  on the class path. A future release of javac may disable annotation processing
  unless at least one processor is specified by name (-processor), or a search
  path is specified (--processor-path, --processor-module-path), or annotation
  processing is enabled explicitly (-proc:only, -proc:full).
  Use -Xlint:-options to suppress this message.
  Use -proc:none to disable annotation processing.
[INFO] -------------------------------------------------------------
[ERROR] COMPILATION ERROR : 
[INFO] -------------------------------------------------------------
[ERROR] /C:/code/fleet-dispatch-system/src/main/java/com/fleet/dispatch/dto/request/UpdateJobStatusRequest.java:[4,38] package jakarta.validation.constraints does not exist
[ERROR] /C:/code/fleet-dispatch-system/src/main/java/com/fleet/dispatch/dto/request/CreateJobRequest.java:[3,38] package jakarta.validation.constraints does not exist
[ERROR] /C:/code/fleet-dispatch-system/src/main/java/com/fleet/dispatch/dto/request/CreateJobRequest.java:[4,38] package jakarta.validation.constraints does not exist
[ERROR] /C:/code/fleet-dispatch-system/src/main/java/com/fleet/dispatch/dto/request/CreateJobRequest.java:[5,38] package jakarta.validation.constraints does not exist
[ERROR] /C:/code/fleet-dispatch-system/src/main/java/com/fleet/dispatch/controller/JobController.java:[8,26] package jakarta.validation does not exist
[ERROR] /C:/code/fleet-dispatch-system/src/main/java/com/fleet/dispatch/dto/request/AssignJobRequest.java:[3,38] package jakarta.validation.constraints does not exist
[ERROR] /C:/code/fleet-dispatch-system/src/main/java/com/fleet/dispatch/dto/request/UpdateJobStatusRequest.java:[13,6] cannot find symbol
  symbol:   class NotNull
  location: class com.fleet.dispatch.dto.request.UpdateJobStatusRequest
[ERROR] /C:/code/fleet-dispatch-system/src/main/java/com/fleet/dispatch/dto/request/CreateJobRequest.java:[16,6] cannot find symbol
  symbol:   class NotBlank
  location: class com.fleet.dispatch.dto.request.CreateJobRequest
[ERROR] /C:/code/fleet-dispatch-system/src/main/java/com/fleet/dispatch/dto/request/CreateJobRequest.java:[19,6] cannot find symbol
  symbol:   class NotBlank
  location: class com.fleet.dispatch.dto.request.CreateJobRequest
[ERROR] /C:/code/fleet-dispatch-system/src/main/java/com/fleet/dispatch/dto/request/CreateJobRequest.java:[22,6] cannot find symbol
  symbol:   class NotBlank
  location: class com.fleet.dispatch.dto.request.CreateJobRequest
[ERROR] /C:/code/fleet-dispatch-system/src/main/java/com/fleet/dispatch/dto/request/CreateJobRequest.java:[25,6] cannot find symbol
  symbol:   class NotNull
  location: class com.fleet.dispatch.dto.request.CreateJobRequest
[ERROR] /C:/code/fleet-dispatch-system/src/main/java/com/fleet/dispatch/dto/request/CreateJobRequest.java:[26,6] cannot find symbol
  symbol:   class FutureOrPresent
  location: class com.fleet.dispatch.dto.request.CreateJobRequest
[ERROR] /C:/code/fleet-dispatch-system/src/main/java/com/fleet/dispatch/controller/JobController.java:[24,51] cannot find symbol
  symbol:   class Valid
  location: class com.fleet.dispatch.controller.JobController
[ERROR] /C:/code/fleet-dispatch-system/src/main/java/com/fleet/dispatch/controller/JobController.java:[42,14] cannot find symbol
  symbol:   class Valid
  location: class com.fleet.dispatch.controller.JobController
[ERROR] /C:/code/fleet-dispatch-system/src/main/java/com/fleet/dispatch/controller/JobController.java:[49,14] cannot find symbol
  symbol:   class Valid
  location: class com.fleet.dispatch.controller.JobController
[ERROR] /C:/code/fleet-dispatch-system/src/main/java/com/fleet/dispatch/dto/request/AssignJobRequest.java:[12,6] cannot find symbol
  symbol:   class NotNull
  location: class com.fleet.dispatch.dto.request.AssignJobRequest
[INFO] 16 errors 
[INFO] -------------------------------------------------------------
[INFO] ------------------------------------------------------------------------
[INFO] BUILD FAILURE
[INFO] ------------------------------------------------------------------------
[INFO] Total time:  7.015 s
[INFO] Finished at: 2026-06-12T11:07:37+05:30
[INFO] ------------------------------------------------------------------------
[ERROR] Failed to execute goal org.apache.maven.plugins:maven-compiler-plugin:3.11.0:compile (default-compile) on project dispatch-system: Compilation failure: Compilation failure: 
[ERROR] /C:/code/fleet-dispatch-system/src/main/java/com/fleet/dispatch/dto/request/UpdateJobStatusRequest.java:[4,38] package jakarta.validation.constraints does not exist
[ERROR] /C:/code/fleet-dispatch-system/src/main/java/com/fleet/dispatch/dto/request/CreateJobRequest.java:[3,38] package jakarta.validation.constraints does not exist
[ERROR] /C:/code/fleet-dispatch-system/src/main/java/com/fleet/dispatch/dto/request/CreateJobRequest.java:[4,38] package jakarta.validation.constraints does not exist
[ERROR] /C:/code/fleet-dispatch-system/src/main/java/com/fleet/dispatch/dto/request/CreateJobRequest.java:[5,38] package jakarta.validation.constraints does not exist
[ERROR] /C:/code/fleet-dispatch-system/src/main/java/com/fleet/dispatch/controller/JobController.java:[8,26] package jakarta.validation does not exist
[ERROR] /C:/code/fleet-dispatch-system/src/main/java/com/fleet/dispatch/dto/request/AssignJobRequest.java:[3,38] package jakarta.validation.constraints does not exist
[ERROR] /C:/code/fleet-dispatch-system/src/main/java/com/fleet/dispatch/dto/request/UpdateJobStatusRequest.java:[13,6] cannot find symbol
[ERROR]   symbol:   class NotNull
[ERROR]   location: class com.fleet.dispatch.dto.request.UpdateJobStatusRequest
[ERROR] /C:/code/fleet-dispatch-system/src/main/java/com/fleet/dispatch/dto/request/CreateJobRequest.java:[16,6] cannot find symbol
[ERROR]   symbol:   class NotBlank
[ERROR]   location: class com.fleet.dispatch.dto.request.CreateJobRequest
[ERROR] /C:/code/fleet-dispatch-system/src/main/java/com/fleet/dispatch/dto/request/CreateJobRequest.java:[19,6] cannot find symbol
[ERROR]   symbol:   class NotBlank
[ERROR]   location: class com.fleet.dispatch.dto.request.CreateJobRequest
[ERROR] /C:/code/fleet-dispatch-system/src/main/java/com/fleet/dispatch/dto/request/CreateJobRequest.java:[22,6] cannot find symbol
[ERROR]   symbol:   class NotBlank
[ERROR]   location: class com.fleet.dispatch.dto.request.CreateJobRequest
[ERROR] /C:/code/fleet-dispatch-system/src/main/java/com/fleet/dispatch/dto/request/CreateJobRequest.java:[25,6] cannot find symbol
[ERROR]   symbol:   class NotNull
[ERROR]   location: class com.fleet.dispatch.dto.request.CreateJobRequest
[ERROR] /C:/code/fleet-dispatch-system/src/main/java/com/fleet/dispatch/dto/request/CreateJobRequest.java:[26,6] cannot find symbol
[ERROR]   symbol:   class FutureOrPresent
[ERROR]   location: class com.fleet.dispatch.dto.request.CreateJobRequest
[ERROR] /C:/code/fleet-dispatch-system/src/main/java/com/fleet/dispatch/controller/JobController.java:[24,51] cannot find symbol
[ERROR]   symbol:   class Valid
[ERROR]   location: class com.fleet.dispatch.controller.JobController
[ERROR] /C:/code/fleet-dispatch-system/src/main/java/com/fleet/dispatch/controller/JobController.java:[42,14] cannot find symbol
[ERROR]   symbol:   class Valid
[ERROR]   location: class com.fleet.dispatch.controller.JobController
[ERROR] /C:/code/fleet-dispatch-system/src/main/java/com/fleet/dispatch/controller/JobController.java:[49,14] cannot find symbol
[ERROR]   symbol:   class Valid
[ERROR]   location: class com.fleet.dispatch.controller.JobController
[ERROR] /C:/code/fleet-dispatch-system/src/main/java/com/fleet/dispatch/dto/request/AssignJobRequest.java:[12,6] cannot find symbol
[ERROR]   symbol:   class NotNull
[ERROR]   location: class com.fleet.dispatch.dto.request.AssignJobRequest
[ERROR] -> [Help 1]
[ERROR] 
[ERROR] To see the full stack trace of the errors, re-run Maven with the -e switch.
[ERROR] Re-run Maven using the -X switch to enable full debug logging.
[ERROR] 
[ERROR] For more information about the errors and possible solutions, please read the following articles:
[ERROR] [Help 1] http://cwiki.apache.org/confluence/display/MAVEN/MojoFailureException
